[2026-10-06T20:29:39.468Z] GET https://genenv.github.io/arch540-a1-toolkit/ → pending (?ms, ?B)
[2026-10-06T20:29:39.606Z] GET https://fonts.googleapis.com/css2?family=Newsreader:ital,opsz,wght@0,6..72,400;0,6..72,500;1,6..72,400&family=IBM+Plex+Sans:wght@400;500;600&display=swap → 200 (66ms, 1371B)
[2026-10-06T20:29:39.606Z] GET https://genenv.github.io/arch540-a1-toolkit/img/01_poster.jpg → 200 (351ms, 113860B)
[2026-10-06T20:29:39.607Z] GET https://genenv.github.io/arch540-a1-toolkit/img/02_poster.jpg → 200 (134ms, 140875B)
[2026-10-06T20:29:39.607Z] GET https://genenv.github.io/arch540-a1-toolkit/img/03_poster.jpg → 200 (218ms, 106359B)
[2026-10-06T20:29:39.607Z] GET https://genenv.github.io/arch540-a1-toolkit/img/04_poster.jpg → 200 (121ms, 141941B)
[2026-10-06T20:29:39.607Z] GET https://genenv.github.io/arch540-a1-toolkit/img/05_poster.jpg → 200 (95ms, 129091B)
[2026-10-06T20:29:39.607Z] GET https://genenv.github.io/arch540-a1-toolkit/img/06_poster.jpg → 200 (230ms, 150494B)
[2026-10-06T20:29:39.607Z] GET https://genenv.github.io/arch540-a1-toolkit/img/07_poster.jpg → 200 (176ms, 141375B)
[2026-10-06T20:29:39.607Z] GET https://genenv.github.io/arch540-a1-toolkit/img/08_poster.jpg → 200 (176ms, 127817B)
[2026-10-06T20:29:39.607Z] GET https://genenv.github.io/arch540-a1-toolkit/img/09_poster.jpg → 200 (134ms, 133220B)
[2026-10-06T20:29:39.607Z] GET https://genenv.github.io/arch540-a1-toolkit/img/10_poster.jpg → 200 (401ms, 228185B)
[2026-10-06T20:29:39.607Z] GET https://genenv.github.io/arch540-a1-toolkit/img/11_poster.jpg → 200 (242ms, 165176B)
[2026-10-06T20:29:39.607Z] GET https://genenv.github.io/arch540-a1-toolkit/img/12_poster.jpg → 200 (274ms, 96442B)
[2026-10-06T20:29:39.607Z] GET https://genenv.github.io/arch540-a1-toolkit/img/13_poster.jpg → 200 (335ms, 155243B)
[2026-10-06T20:29:39.607Z] GET https://genenv.github.io/arch540-a1-toolkit/img/14_poster.jpg → 200 (286ms, 141683B)
[2026-10-06T20:29:39.607Z] GET https://genenv.github.io/arch540-a1-toolkit/img/15_poster.jpg → 200 (343ms, 130369B)
[2026-10-06T20:29:39.691Z] GET https://docs.google.com/spreadsheets/d/e/2PACX-1vTu3LV1OADLg52bORDu-wdahmsu5QZWdogK7zbKRX5KFYX1Xwv7r3Cr-KOm8yyko38dr3cIgO4EQnWW/pub?gid=1805454884&single=true&output=csv → 307 (229ms, ?B)
[2026-10-06T20:29:39.920Z] GET https://doc-04-a0-sheets.googleusercontent.com/pub/f3kk9gtum31ktuqh54kn7i1e14/7728lobsp0leab8ias9mnqn98k/1791318575000/118078103960245559193/*/e@2PACX-1vTu3LV1OADLg52bORDu-wdahmsu5QZWdogK7zbKRX5KFYX1Xwv7r3Cr-KOm8yyko38dr3cIgO4EQnWW?gid=1805454884&single=true&output=csv → 200 (291ms, 6575B)
[2026-10-06T20:29:45.792Z] GET https://github.com/GenEnv/arch540-a1-toolkit/releases/download/v1/01_Jenna_Bruggeman_Curbside_Parklet_Checker.mp4 → pending (?ms, ?B)
[2026-10-06T20:29:45.793Z] GET https://github.com/GenEnv/arch540-a1-toolkit/releases/download/v1/01_Jenna_Bruggeman_Curbside_Parklet_Checker.mp4 → 302 (383ms, ?B)
[2026-10-06T20:29:46.176Z] GET https://release-assets.githubusercontent.com/github-production-release-asset/1407815901/b89947c8-78ae-446c-a5aa-d08649988a5c?sp=r&sv=2018-11-09&sr=b&spr=https&se=2026-10-06T21%3A17%3A23Z&rscd=attachment%3B+filename%3D01_Jenna_Bruggeman_Curbside_Parklet_Checker.mp4&rsct=application%2Foctet-stream&skoid=96c2d410-5711-43a1-aedd-ab1947aa7ab0&sktid=398a6654-997b-47e9-b12b-9515b896b4de&skt=2026-10-06T20%3A17%3A22Z&ske=2026-10-06T21%3A17%3A23Z&sks=b&skv=2018-11-09&sig=2ytodBn7sbfY%2FJGzDNoShd%2FlHmynv6uAtVWIBU4ek2o%3D&jwt=eyJ0eXAiOiJKV1QiLCJhbGciOiJIUzI1NiJ9.eyJpc3MiOiJnaXRodWIuY29tIiwiYXVkIjoicmVsZWFzZS1hc3NldHMuZ2l0aHVidXNlcmNvbnRlbnQuY29tIiwia2V5Ijoia2V5MSIsImV4cCI6MTc5MTMyMDM4NiwibmJmIjoxNzkxMzE4NTg2LCJwYXRoIjoicmVsZWFzZWFzc2V0cHJvZHVjdGlvbi5ibG9iLmNvcmUud2luZG93cy5uZXQifQ.NDvJi77GVQmo28sWBpL014yLyRIU7He-OwzdtyLQPuc&response-content-disposition=attachment%3B%20filename%3D01_Jenna_Bruggeman_Curbside_Parklet_Checker.mp4&response-content-type=application%2Foctet-stream → 206 (26ms, ?B)
[2026-10-06T20:31:50.428Z] GET https://genenv.github.io/arch540-a1-toolkit/?r=20898 → 200 (96ms, 20228B)
[2026-10-06T20:31:50.526Z] GET https://fonts.googleapis.com/css2?family=Newsreader:ital,opsz,wght@0,6..72,400;0,6..72,500;1,6..72,400&family=IBM+Plex+Sans:wght@400;500;600&display=swap → 200 (?ms, -698B)
[2026-10-06T20:31:50.526Z] GET https://genenv.github.io/arch540-a1-toolkit/img/01_poster.jpg → 200 (1ms, -661B)
[2026-10-06T20:31:50.526Z] GET https://genenv.github.io/arch540-a1-toolkit/img/02_poster.jpg → 200 (1ms, -641B)
[2026-10-06T20:31:50.526Z] GET https://genenv.github.io/arch540-a1-toolkit/img/03_poster.jpg → 200 (3ms, -662B)
[2026-10-06T20:31:50.526Z] GET https://genenv.github.io/arch540-a1-toolkit/img/04_poster.jpg → 200 (3ms, -661B)
[2026-10-06T20:31:50.526Z] GET https://genenv.github.io/arch540-a1-toolkit/img/05_poster.jpg → 200 (3ms, -660B)
[2026-10-06T20:31:50.526Z] GET https://genenv.github.io/arch540-a1-toolkit/img/06_poster.jpg → 200 (3ms, -662B)
[2026-10-06T20:31:50.526Z] GET https://genenv.github.io/arch540-a1-toolkit/img/07_poster.jpg → 200 (3ms, -662B)
[2026-10-06T20:31:50.526Z] GET https://genenv.github.io/arch540-a1-toolkit/img/08_poster.jpg → 200 (3ms, -662B)
[2026-10-06T20:31:50.526Z] GET https://genenv.github.io/arch540-a1-toolkit/img/09_poster.jpg → 200 (3ms, -639B)
[2026-10-06T20:31:50.526Z] GET https://genenv.github.io/arch540-a1-toolkit/img/10_poster.jpg → 200 (3ms, -662B)
[2026-10-06T20:31:50.526Z] GET https://genenv.github.io/arch540-a1-toolkit/img/11_poster.jpg → 200 (3ms, -662B)
[2026-10-06T20:31:50.526Z] GET https://genenv.github.io/arch540-a1-toolkit/img/12_poster.jpg → 200 (4ms, -660B)
[2026-10-06T20:31:50.526Z] GET https://genenv.github.io/arch540-a1-toolkit/img/13_poster.jpg → 200 (4ms, -662B)
[2026-10-06T20:31:50.526Z] GET https://genenv.github.io/arch540-a1-toolkit/img/14_poster.jpg → 200 (4ms, -661B)
[2026-10-06T20:31:50.526Z] GET https://genenv.github.io/arch540-a1-toolkit/img/15_poster.jpg → 200 (4ms, -661B)
[2026-10-06T20:31:50.528Z] GET https://docs.google.com/spreadsheets/d/e/2PACX-1vTu3LV1OADLg52bORDu-wdahmsu5QZWdogK7zbKRX5KFYX1Xwv7r3Cr-KOm8yyko38dr3cIgO4EQnWW/pub?gid=1805454884&single=true&output=csv → pending (?ms, ?B)
[2026-10-06T20:31:50.831Z] GET https://doc-04-a0-sheets.googleusercontent.com/pub/f3kk9gtum31ktuqh54kn7i1e14/sekbq7c3v2cgr92opntuod71ng/1791318710000/118078103960245559193/*/e@2PACX-1vTu3LV1OADLg52bORDu-wdahmsu5QZWdogK7zbKRX5KFYX1Xwv7r3Cr-KOm8yyko38dr3cIgO4EQnWW?gid=1805454884&single=true&output=csv → 200 (155ms, 5973B)
[2026-10-06T20:34:04.354Z] GET https://genenv.github.io/arch540-a1-toolkit/?fresh=1791318844 → 200 (157ms, 20345B)
[2026-10-06T20:34:04.514Z] GET https://fonts.googleapis.com/css2?family=Newsreader:ital,opsz,wght@0,6..72,400;0,6..72,500;1,6..72,400&family=IBM+Plex+Sans:wght@400;500;600&display=swap → 200 (?ms, -698B)
[2026-10-06T20:34:04.514Z] GET https://genenv.github.io/arch540-a1-toolkit/img/01_poster.jpg → 200 (?ms, -661B)
[2026-10-06T20:34:04.514Z] GET https://genenv.github.io/arch540-a1-toolkit/img/02_poster.jpg → 200 (1ms, -641B)
[2026-10-06T20:34:04.515Z] GET https://genenv.github.io/arch540-a1-toolkit/img/03_poster.jpg → 200 (?ms, -662B)
[2026-10-06T20:34:04.515Z] GET https://genenv.github.io/arch540-a1-toolkit/img/04_poster.jpg → 200 (?ms, -661B)
[2026-10-06T20:34:04.515Z] GET https://genenv.github.io/arch540-a1-toolkit/img/05_poster.jpg → 200 (?ms, -660B)
[2026-10-06T20:34:04.515Z] GET https://genenv.github.io/arch540-a1-toolkit/img/06_poster.jpg → 200 (?ms, -662B)
[2026-10-06T20:34:04.515Z] GET https://genenv.github.io/arch540-a1-toolkit/img/07_poster.jpg → 200 (?ms, -662B)
[2026-10-06T20:34:04.515Z] GET https://genenv.github.io/arch540-a1-toolkit/img/08_poster.jpg → 200 (1ms, -662B)
[2026-10-06T20:34:04.516Z] GET https://genenv.github.io/arch540-a1-toolkit/img/09_poster.jpg → 200 (?ms, -639B)
[2026-10-06T20:34:04.516Z] GET https://genenv.github.io/arch540-a1-toolkit/img/10_poster.jpg → 200 (?ms, -662B)
[2026-10-06T20:34:04.516Z] GET https://genenv.github.io/arch540-a1-toolkit/img/11_poster.jpg → 200 (?ms, -662B)
[2026-10-06T20:34:04.516Z] GET https://genenv.github.io/arch540-a1-toolkit/img/12_poster.jpg → 200 (?ms, -660B)
[2026-10-06T20:34:04.516Z] GET https://genenv.github.io/arch540-a1-toolkit/img/13_poster.jpg → 200 (?ms, -662B)
[2026-10-06T20:34:04.516Z] GET https://genenv.github.io/arch540-a1-toolkit/img/14_poster.jpg → 200 (?ms, -661B)
[2026-10-06T20:34:04.516Z] GET https://genenv.github.io/arch540-a1-toolkit/img/15_poster.jpg → 200 (?ms, -661B)
[2026-10-06T20:34:04.517Z] GET https://docs.google.com/spreadsheets/d/e/2PACX-1vTu3LV1OADLg52bORDu-wdahmsu5QZWdogK7zbKRX5KFYX1Xwv7r3Cr-KOm8yyko38dr3cIgO4EQnWW/pub?gid=1805454884&single=true&output=csv → 307 (204ms, ?B)
[2026-10-06T20:34:04.521Z] GET https://fonts.gstatic.com/s/ibmplexsans/v23/zYXzKVElMYYaJe8bpLHnCwDKr932-G7dytD-Dmu1syxeKYbSB4Zh.woff2 → 200 (100ms, 40790B)
[2026-10-06T20:34:04.521Z] GET https://fonts.gstatic.com/s/newsreader/v26/cY9AfjOCX1hbuyalUrK4397yjIJFJpc.woff2 → 200 (121ms, 132038B)
[2026-10-06T20:34:04.721Z] GET https://doc-04-a0-sheets.googleusercontent.com/pub/f3kk9gtum31ktuqh54kn7i1e14/amch3294g9rriq4psd4o3ksuls/1791318840000/118078103960245559193/*/e@2PACX-1vTu3LV1OADLg52bORDu-wdahmsu5QZWdogK7zbKRX5KFYX1Xwv7r3Cr-KOm8yyko38dr3cIgO4EQnWW?gid=1805454884&single=true&output=csv → pending (?ms, ?B)
[2026-10-06T20:34:10.714Z] GET https://jennabruggeman.github.io/curbside/ → 200 (?ms, -681B)
[2026-10-06T20:34:10.718Z] GET https://jennabruggeman.github.io/curbside/demo/render-sidewalk.jpg → 200 (?ms, -643B)
[2026-10-06T20:34:10.737Z] GET https://jennabruggeman.github.io/curbside/docs/landing/how-1-site.png → 200 (?ms, -660B)
[2026-10-06T20:34:10.737Z] GET https://jennabruggeman.github.io/curbside/docs/landing/how-2-seed.png → 200 (?ms, -639B)
[2026-10-06T20:34:10.737Z] GET https://jennabruggeman.github.io/curbside/docs/landing/how-5-access.png → 200 (?ms, -661B)
[2026-10-06T20:34:10.737Z] GET https://jennabruggeman.github.io/curbside/docs/landing/how-3-design.png → 200 (1ms, -640B)
[2026-10-06T20:34:10.737Z] GET https://jennabruggeman.github.io/curbside/docs/landing/how-4-report.png → 200 (1ms, -640B)
[2026-10-06T20:34:10.737Z] GET https://jennabruggeman.github.io/curbside/demo/render-aerial.jpg → 200 (1ms, -662B)
[2026-10-06T20:34:10.737Z] GET https://jennabruggeman.github.io/curbside/demo/render-corner.jpg → 200 (2ms, -662B)
[2026-10-06T20:34:10.737Z] GET https://jennabruggeman.github.io/curbside/demo/render-street.jpg → 200 (2ms, -641B)
[2026-10-06T20:34:15.347Z] GET https://genenv.github.io/arch540-a1-toolkit/?fresh=1791318855 → 200 (7ms, 20114B)
[2026-10-06T20:34:15.389Z] GET https://fonts.googleapis.com/css2?family=Newsreader:ital,opsz,wght@0,6..72,400;0,6..72,500;1,6..72,400&family=IBM+Plex+Sans:wght@400;500;600&display=swap → 200 (1ms, -698B)
[2026-10-06T20:34:15.389Z] GET https://genenv.github.io/arch540-a1-toolkit/img/01_poster.jpg → 200 (1ms, -661B)
[2026-10-06T20:34:15.389Z] GET https://genenv.github.io/arch540-a1-toolkit/img/02_poster.jpg → 200 (2ms, -641B)
[2026-10-06T20:34:15.389Z] GET https://genenv.github.io/arch540-a1-toolkit/img/03_poster.jpg → 200 (2ms, -662B)
[2026-10-06T20:34:15.389Z] GET https://genenv.github.io/arch540-a1-toolkit/img/04_poster.jpg → 200 (2ms, -661B)
[2026-10-06T20:34:15.389Z] GET https://genenv.github.io/arch540-a1-toolkit/img/05_poster.jpg → 200 (5ms, -660B)
[2026-10-06T20:34:15.390Z] GET https://genenv.github.io/arch540-a1-toolkit/img/06_poster.jpg → 200 (4ms, -662B)
[2026-10-06T20:34:15.390Z] GET https://genenv.github.io/arch540-a1-toolkit/img/07_poster.jpg → 200 (5ms, -662B)
[2026-10-06T20:34:15.390Z] GET https://genenv.github.io/arch540-a1-toolkit/img/08_poster.jpg → 200 (5ms, -662B)
[2026-10-06T20:34:15.390Z] GET https://genenv.github.io/arch540-a1-toolkit/img/09_poster.jpg → 200 (5ms, -639B)
[2026-10-06T20:34:15.390Z] GET https://genenv.github.io/arch540-a1-toolkit/img/10_poster.jpg → 200 (5ms, -662B)
[2026-10-06T20:34:15.390Z] GET https://genenv.github.io/arch540-a1-toolkit/img/11_poster.jpg → 200 (5ms, -662B)
[2026-10-06T20:34:15.390Z] GET https://genenv.github.io/arch540-a1-toolkit/img/12_poster.jpg → 200 (5ms, -660B)
[2026-10-06T20:34:15.390Z] GET https://genenv.github.io/arch540-a1-toolkit/img/13_poster.jpg → 200 (5ms, -662B)
[2026-10-06T20:34:15.390Z] GET https://genenv.github.io/arch540-a1-toolkit/img/14_poster.jpg → 200 (5ms, -661B)
[2026-10-06T20:34:15.390Z] GET https://genenv.github.io/arch540-a1-toolkit/img/15_poster.jpg → 200 (5ms, -661B)
[2026-10-06T20:34:15.394Z] GET https://docs.google.com/spreadsheets/d/e/2PACX-1vTu3LV1OADLg52bORDu-wdahmsu5QZWdogK7zbKRX5KFYX1Xwv7r3Cr-KOm8yyko38dr3cIgO4EQnWW/pub?gid=1805454884&single=true&output=csv → 307 (181ms, ?B)
[2026-10-06T20:34:15.405Z] GET https://fonts.gstatic.com/s/ibmplexsans/v23/zYXzKVElMYYaJe8bpLHnCwDKr932-G7dytD-Dmu1syxeKYbSB4Zh.woff2 → 200 (1ms, -814B)
[2026-10-06T20:34:15.406Z] GET https://fonts.gstatic.com/s/newsreader/v26/cY9AfjOCX1hbuyalUrK4397yjIJFJpc.woff2 → 200 (10ms, -815B)
[2026-10-06T20:34:15.575Z] GET https://doc-04-a0-sheets.googleusercontent.com/pub/f3kk9gtum31ktuqh54kn7i1e14/0tp88sigot6qt7kb4rj0te1vdo/1791318855000/118078103960245559193/*/e@2PACX-1vTu3LV1OADLg52bORDu-wdahmsu5QZWdogK7zbKRX5KFYX1Xwv7r3Cr-KOm8yyko38dr3cIgO4EQnWW?gid=1805454884&single=true&output=csv → 200 (168ms, 168B)
