[2026-10-08T22:02:01.505Z] [error] Failed to load resource: the server responded with a status of 401 (Unauthorized)
[2026-10-08T22:02:03.988Z] [error] Failed to load resource: net::ERR_FAILED
[2026-10-08T22:02:08.593Z] [warning] An iframe which has both allow-scripts and allow-same-origin for its sandbox attribute can escape its sandboxing.
[2026-10-08T22:02:08.724Z] [error] Failed to load resource: net::ERR_FAILED
[2026-10-08T22:02:08.733Z] [error] Failed to load resource: net::ERR_FAILED
[2026-10-08T22:02:08.739Z] [error] Failed to load resource: net::ERR_FAILED
[2026-10-08T22:02:08.739Z] [error] Failed to load resource: net::ERR_FAILED
[2026-10-08T22:02:36.263Z] [error] Refused to set unsafe header "content-length"
[2026-10-08T22:02:38.671Z] [error] Refused to set unsafe header "content-length"
[2026-10-08T22:02:43.517Z] [error] Refused to set unsafe header "content-length"
[2026-10-08T22:02:46.605Z] [error] Refused to set unsafe header "content-length"
[2026-10-08T22:02:50.963Z] [error] Refused to set unsafe header "content-length"
[2026-10-08T22:02:54.752Z] [error] Refused to set unsafe header "content-length"
[2026-10-08T22:02:58.295Z] [error] Refused to set unsafe header "content-length"
[2026-10-08T22:03:00.434Z] [error] Refused to set unsafe header "content-length"
[2026-10-08T22:03:03.646Z] [error] Refused to set unsafe header "content-length"
[2026-10-08T22:03:06.096Z] [error] Refused to set unsafe header "content-length"
[2026-10-08T22:03:10.833Z] [error] Refused to set unsafe header "content-length"
[2026-10-08T22:03:14.477Z] [error] Refused to set unsafe header "content-length"
[2026-10-08T22:03:20.492Z] [error] Failed to load resource: net::ERR_ADDRESS_UNREACHABLE
[2026-10-08T22:03:20.492Z] [error] Failed to load resource: net::ERR_ADDRESS_UNREACHABLE
[2026-10-08T22:03:21.395Z] [error] Failed to load resource: net::ERR_QUIC_PROTOCOL_ERROR.QUIC_PACKET_WRITE_ERROR
[2026-10-08T22:03:21.500Z] [error] Failed to load resource: net::ERR_ADDRESS_UNREACHABLE
[2026-10-08T22:03:21.500Z] [error] Failed to load resource: net::ERR_ADDRESS_UNREACHABLE
[2026-10-08T22:03:21.501Z] [error] Failed to load resource: net::ERR_ADDRESS_UNREACHABLE
[2026-10-08T22:03:21.502Z] [error] Failed to load resource: net::ERR_ADDRESS_UNREACHABLE
[2026-10-08T22:03:21.538Z] [error] Failed to load resource: net::ERR_QUIC_PROTOCOL_ERROR.QUIC_PACKET_WRITE_ERROR
[2026-10-08T22:03:21.538Z] [error] Failed to load resource: net::ERR_QUIC_PROTOCOL_ERROR.QUIC_PACKET_WRITE_ERROR
[2026-10-08T22:03:21.842Z] [error] Failed to load resource: net::ERR_QUIC_PROTOCOL_ERROR.QUIC_PACKET_WRITE_ERROR
[2026-10-08T22:03:21.842Z] [error] Failed to load resource: net::ERR_ADDRESS_UNREACHABLE
[2026-10-08T22:03:31.846Z] [error] Failed to load resource: net::ERR_QUIC_PROTOCOL_ERROR.QUIC_PACKET_WRITE_ERROR
[2026-10-08T22:03:31.846Z] [error] Failed to load resource: net::ERR_QUIC_PROTOCOL_ERROR.QUIC_PACKET_WRITE_ERROR
[2026-10-08T22:03:35.720Z] [error] Failed to load resource: net::ERR_QUIC_PROTOCOL_ERROR.QUIC_PACKET_WRITE_ERROR
[2026-10-08T22:03:38.996Z] [error] Failed to load resource: net::ERR_QUIC_PROTOCOL_ERROR
[2026-10-08T22:03:39.868Z] [error] Failed to load resource: net::ERR_QUIC_PROTOCOL_ERROR.QUIC_PACKET_WRITE_ERROR
[2026-10-08T22:03:46.042Z] [error] Failed to load resource: net::ERR_ADDRESS_UNREACHABLE
[2026-10-08T22:03:50.185Z] [error] Failed to load resource: net::ERR_ADDRESS_UNREACHABLE
[2026-10-08T22:03:52.165Z] [error] Failed to load resource: net::ERR_ADDRESS_UNREACHABLE
[2026-10-08T22:03:52.165Z] [error] Failed to load resource: net::ERR_ADDRESS_UNREACHABLE
[2026-10-08T22:03:56.352Z] [error] Failed to load resource: net::ERR_ADDRESS_UNREACHABLE
[2026-10-08T22:03:56.525Z] [error] Failed to load resource: net::ERR_QUIC_PROTOCOL_ERROR.QUIC_PACKET_WRITE_ERROR
[2026-10-08T22:03:57.204Z] [error] Failed to load resource: net::ERR_QUIC_PROTOCOL_ERROR.QUIC_PACKET_WRITE_ERROR
[2026-10-08T22:04:00.498Z] [error] Failed to load resource: net::ERR_ADDRESS_UNREACHABLE
[2026-10-08T22:04:03.966Z] [error] Refused to set unsafe header "content-length"
[2026-10-08T22:04:08.379Z] [error] Refused to set unsafe header "content-length"
[2026-10-08T22:04:11.714Z] [error] Refused to set unsafe header "content-length"
[2026-10-08T22:05:43.474Z] [error] Failed to load resource: net::ERR_ADDRESS_UNREACHABLE
[2026-10-08T22:05:43.822Z] [error] Failed to load resource: net::ERR_QUIC_PROTOCOL_ERROR.QUIC_PACKET_WRITE_ERROR
[2026-10-08T22:05:45.137Z] [error] Failed to load resource: net::ERR_QUIC_PROTOCOL_ERROR.QUIC_PACKET_WRITE_ERROR
[2026-10-08T22:05:47.093Z] [error] Failed to load resource: net::ERR_QUIC_PROTOCOL_ERROR.QUIC_PACKET_WRITE_ERROR
[2026-10-08T22:05:51.070Z] [error] Failed to load resource: net::ERR_QUIC_PROTOCOL_ERROR.QUIC_PACKET_WRITE_ERROR
[2026-10-08T22:05:56.309Z] [error] Failed to load resource: net::ERR_QUIC_PROTOCOL_ERROR.QUIC_PACKET_WRITE_ERROR
[2026-10-08T22:05:57.116Z] [error] Failed to load resource: net::ERR_ADDRESS_UNREACHABLE
[2026-10-08T22:05:57.116Z] [error] Failed to load resource: net::ERR_ADDRESS_UNREACHABLE
[2026-10-08T22:05:57.116Z] [error] Failed to load resource: net::ERR_ADDRESS_UNREACHABLE
[2026-10-08T22:05:57.116Z] [error] Failed to load resource: net::ERR_ADDRESS_UNREACHABLE
[2026-10-08T22:05:57.116Z] [error] Failed to load resource: net::ERR_ADDRESS_UNREACHABLE
[2026-10-08T22:05:57.116Z] [error] Failed to load resource: net::ERR_ADDRESS_UNREACHABLE
[2026-10-08T22:05:57.116Z] [error] Failed to load resource: net::ERR_ADDRESS_UNREACHABLE
[2026-10-08T22:05:57.116Z] [error] Failed to load resource: net::ERR_ADDRESS_UNREACHABLE
[2026-10-08T22:05:57.116Z] [error] Failed to load resource: net::ERR_ADDRESS_UNREACHABLE
[2026-10-08T22:06:07.429Z] [error] Failed to load resource: net::ERR_ADDRESS_UNREACHABLE
[2026-10-08T22:06:07.429Z] [error] Failed to load resource: net::ERR_ADDRESS_UNREACHABLE
[2026-10-08T22:06:07.429Z] [error] Failed to load resource: net::ERR_ADDRESS_UNREACHABLE
[2026-10-08T22:06:17.746Z] [error] Failed to load resource: net::ERR_ADDRESS_UNREACHABLE
[2026-10-08T22:06:17.746Z] [error] Failed to load resource: net::ERR_ADDRESS_UNREACHABLE
[2026-10-08T22:06:17.746Z] [error] Failed to load resource: net::ERR_ADDRESS_UNREACHABLE
[2026-10-08T22:06:19.499Z] [error] Failed to load resource: net::ERR_NAME_NOT_RESOLVED
[2026-10-08T22:06:19.499Z] [error] Failed to load resource: net::ERR_NAME_NOT_RESOLVED
[2026-10-08T22:06:19.499Z] [error] Failed to load resource: net::ERR_NAME_NOT_RESOLVED
[2026-10-08T22:06:53.570Z] [warning] An iframe which has both allow-scripts and allow-same-origin for its sandbox attribute can escape its sandboxing.
[2026-10-08T22:08:04.686Z] [error] Failed to load resource: net::ERR_ADDRESS_UNREACHABLE
[2026-10-08T22:08:04.731Z] [error] Failed to load resource: net::ERR_ADDRESS_UNREACHABLE
[2026-10-08T22:08:05.031Z] [error] Failed to load resource: net::ERR_QUIC_PROTOCOL_ERROR.QUIC_PACKET_WRITE_ERROR
[2026-10-08T22:08:05.085Z] [error] Failed to load resource: net::ERR_QUIC_PROTOCOL_ERROR.QUIC_PACKET_WRITE_ERROR
[2026-10-08T22:08:06.339Z] [error] Failed to load resource: net::ERR_QUIC_PROTOCOL_ERROR.QUIC_PACKET_WRITE_ERROR
[2026-10-08T22:08:08.952Z] [error] Failed to load resource: net::ERR_QUIC_PROTOCOL_ERROR.QUIC_PACKET_WRITE_ERROR
[2026-10-08T22:08:13.281Z] [error] Failed to load resource: net::ERR_QUIC_PROTOCOL_ERROR.QUIC_PACKET_WRITE_ERROR
[2026-10-08T22:08:20.071Z] [error] Failed to load resource: net::ERR_ADDRESS_UNREACHABLE
[2026-10-08T22:08:43.640Z] [error] Failed to load resource: net::ERR_QUIC_PROTOCOL_ERROR.QUIC_PACKET_WRITE_ERROR
[2026-10-08T22:08:44.499Z] [error] Failed to load resource: net::ERR_NAME_NOT_RESOLVED
[2026-10-08T22:08:44.499Z] [error] Failed to load resource: net::ERR_NAME_NOT_RESOLVED
[2026-10-08T22:08:44.499Z] [error] Failed to load resource: net::ERR_NAME_NOT_RESOLVED
